info: HTTPS enabled for backend {"service":"shoe-factory-monitoring","timestamp":"2026-02-25T10:54:31.909Z"}
info: HTTPS enabled for backend {"service":"shoe-factory-monitoring","timestamp":"2026-02-25T10:54:31.909Z"}
node:events:486
      throw er; // Unhandled 'error' event
      ^

Error: listen EADDRINUSE: address already in use 0.0.0.0:3001
    at Server.setupListenHandle [as _listen2] (node:net:1940:16)
    at listenInCluster (node:net:1997:12)
    at node:net:2206:7
    at process.processTicksAndRejections (node:internal/process/task_queues:89:21)
Emitted 'error' event on Server instance at:
    at emitErrorNT (node:net:1976:8)
    at process.processTicksAndRejections (node:internal/process/task_queues:89:21) {
  code: 'EADDRINUSE',
  errno: -4091,
  syscall: 'listen',
  address: '0.0.0.0',
  port: 3001
}

Node.js v24.13.1
