{"level":"info","message":"Server started on port 3000","service":"shoe-factory-monitoring","timestamp":"2026-01-11T13:37:30.888Z"}
{"level":"info","message":"Starting file watcher on directory: E:/Florence-IOT/incoming","service":"shoe-factory-monitoring","timestamp":"2026-01-11T13:37:30.897Z"}
{"level":"info","message":"File watcher started successfully","service":"shoe-factory-monitoring","timestamp":"2026-01-11T13:37:30.984Z"}
{"level":"info","message":"File detected: sample-machine-events.json","service":"shoe-factory-monitoring","timestamp":"2026-01-11T13:37:31.340Z"}
{"level":"info","message":"Processing file: sample-machine-events.json","service":"shoe-factory-monitoring","timestamp":"2026-01-11T13:37:31.341Z"}
{"code":"ETIMEDOUT","errorno":"ETIMEDOUT","fatal":true,"level":"error","message":"Error processing file sample-machine-events.json: connect ETIMEDOUT","service":"shoe-factory-monitoring","stack":"Error: connect ETIMEDOUT\n    at PoolConnection._handleTimeoutError (E:\\Florence-IOT\\node_modules\\mysql2\\lib\\base\\connection.js:200:17)\n    at listOnTimeout (node:internal/timers:605:17)\n    at process.processTimers (node:internal/timers:541:7)","syscall":"connect","timestamp":"2026-01-11T13:37:41.827Z"}
{"level":"info","message":"File sample-machine-events.json moved to failure directory","service":"shoe-factory-monitoring","timestamp":"2026-01-11T13:37:41.839Z"}
{"level":"info","message":"Server started on port 3001","service":"shoe-factory-monitoring","timestamp":"2026-01-11T13:44:40.904Z"}
{"level":"info","message":"Starting file watcher on directory: E:/Florence-IOT/incoming","service":"shoe-factory-monitoring","timestamp":"2026-01-11T13:44:41.006Z"}
{"level":"info","message":"File watcher started successfully","service":"shoe-factory-monitoring","timestamp":"2026-01-11T13:44:41.060Z"}
{"level":"info","message":"Received SIGINT. Starting graceful shutdown...","service":"shoe-factory-monitoring","timestamp":"2026-01-11T13:47:21.236Z"}
{"level":"info","message":"Server started on port 3001","service":"shoe-factory-monitoring","timestamp":"2026-01-11T13:48:19.790Z"}
{"level":"info","message":"Starting file watcher on directory: E:/Florence-IOT/incoming","service":"shoe-factory-monitoring","timestamp":"2026-01-11T13:48:19.810Z"}
{"level":"info","message":"File watcher started successfully","service":"shoe-factory-monitoring","timestamp":"2026-01-11T13:48:19.865Z"}
{"level":"info","message":"File detected: test-machines.json","service":"shoe-factory-monitoring","timestamp":"2026-01-11T13:51:49.281Z"}
{"level":"info","message":"Processing file: test-machines.json","service":"shoe-factory-monitoring","timestamp":"2026-01-11T13:51:49.290Z"}
{"level":"info","message":"File detected: test-machines.json","service":"shoe-factory-monitoring","timestamp":"2026-01-11T13:51:49.494Z"}
{"level":"info","message":"Processing file: test-machines.json","service":"shoe-factory-monitoring","timestamp":"2026-01-11T13:51:49.511Z"}
{"level":"info","message":"Received SIGINT. Starting graceful shutdown...","service":"shoe-factory-monitoring","timestamp":"2026-01-11T13:51:52.607Z"}
{"level":"info","message":"File detected: factory-data.json","service":"shoe-factory-monitoring","timestamp":"2026-01-11T13:51:52.988Z"}
{"level":"info","message":"Processing file: factory-data.json","service":"shoe-factory-monitoring","timestamp":"2026-01-11T13:51:52.990Z"}
{"code":"ETIMEDOUT","errorno":"ETIMEDOUT","fatal":true,"level":"error","message":"Error processing file test-machines.json: connect ETIMEDOUT","service":"shoe-factory-monitoring","stack":"Error: connect ETIMEDOUT\n    at PoolConnection._handleTimeoutError (E:\\Florence-IOT\\node_modules\\mysql2\\lib\\base\\connection.js:200:17)\n    at listOnTimeout (node:internal/timers:605:17)\n    at process.processTimers (node:internal/timers:541:7)","syscall":"connect","timestamp":"2026-01-11T13:51:59.548Z"}
{"level":"info","message":"File test-machines.json moved to failure directory","service":"shoe-factory-monitoring","timestamp":"2026-01-11T13:51:59.568Z"}
{"code":"ETIMEDOUT","errorno":"ETIMEDOUT","fatal":true,"level":"error","message":"Error processing file factory-data.json: connect ETIMEDOUT","service":"shoe-factory-monitoring","stack":"Error: connect ETIMEDOUT\n    at PoolConnection._handleTimeoutError (E:\\Florence-IOT\\node_modules\\mysql2\\lib\\base\\connection.js:200:17)\n    at listOnTimeout (node:internal/timers:605:17)\n    at process.processTimers (node:internal/timers:541:7)","syscall":"connect","timestamp":"2026-01-11T13:52:03.096Z"}
{"level":"info","message":"File factory-data.json moved to failure directory","service":"shoe-factory-monitoring","timestamp":"2026-01-11T13:52:03.142Z"}
{"level":"info","message":"Server started on port 3001","service":"shoe-factory-monitoring","timestamp":"2026-01-11T13:52:02.978Z"}
{"level":"info","message":"Starting file watcher on directory: E:/Florence-IOT/incoming","service":"shoe-factory-monitoring","timestamp":"2026-01-11T13:52:02.994Z"}
{"level":"info","message":"File watcher started successfully","service":"shoe-factory-monitoring","timestamp":"2026-01-11T13:52:03.095Z"}
{"level":"info","message":"File detected: test-machines.json","service":"shoe-factory-monitoring","timestamp":"2026-01-11T13:56:49.279Z"}
{"level":"info","message":"Processing file: test-machines.json","service":"shoe-factory-monitoring","timestamp":"2026-01-11T13:56:49.280Z"}
{"level":"info","message":"File detected: test-machines.json","service":"shoe-factory-monitoring","timestamp":"2026-01-11T13:56:49.376Z"}
{"level":"info","message":"Processing file: test-machines.json","service":"shoe-factory-monitoring","timestamp":"2026-01-11T13:56:49.378Z"}
{"code":"ETIMEDOUT","errorno":"ETIMEDOUT","fatal":true,"level":"error","message":"Error processing file test-machines.json: connect ETIMEDOUT","service":"shoe-factory-monitoring","stack":"Error: connect ETIMEDOUT\n    at PoolConnection._handleTimeoutError (E:\\Florence-IOT\\node_modules\\mysql2\\lib\\base\\connection.js:200:17)\n    at listOnTimeout (node:internal/timers:605:17)\n    at process.processTimers (node:internal/timers:541:7)","syscall":"connect","timestamp":"2026-01-11T13:56:59.304Z"}
{"level":"info","message":"File test-machines.json moved to failure directory","service":"shoe-factory-monitoring","timestamp":"2026-01-11T13:56:59.309Z"}
{"code":"ETIMEDOUT","errorno":"ETIMEDOUT","fatal":true,"level":"error","message":"Error processing file test-machines.json: connect ETIMEDOUT","service":"shoe-factory-monitoring","stack":"Error: connect ETIMEDOUT\n    at PoolConnection._handleTimeoutError (E:\\Florence-IOT\\node_modules\\mysql2\\lib\\base\\connection.js:200:17)\n    at listOnTimeout (node:internal/timers:605:17)\n    at process.processTimers (node:internal/timers:541:7)","syscall":"connect","timestamp":"2026-01-11T13:56:59.652Z"}
{"code":"ENOENT","dest":"E:\\Florence-IOT\\failure\\test-machines.json","errno":-4058,"level":"error","message":"Failed to move file test-machines.json to failure directory: ENOENT: no such file or directory, rename 'E:\\Florence-IOT\\incoming\\test-machines.json' -> 'E:\\Florence-IOT\\failure\\test-machines.json'","path":"E:\\Florence-IOT\\incoming\\test-machines.json","service":"shoe-factory-monitoring","stack":"Error: ENOENT: no such file or directory, rename 'E:\\Florence-IOT\\incoming\\test-machines.json' -> 'E:\\Florence-IOT\\failure\\test-machines.json'\n    at async Object.rename (node:internal/fs/promises:787:10)\n    at async FileProcessorService.moveFile (E:\\Florence-IOT\\src\\services\\fileProcessorService.js:81:5)\n    at async FileProcessorService.processFile (E:\\Florence-IOT\\src\\services\\fileProcessorService.js:48:9)\n    at async FSWatcher.<anonymous> (E:\\Florence-IOT\\src\\services\\fileWatcherService.js:29:9)","syscall":"rename","timestamp":"2026-01-11T13:56:59.659Z"}
{"level":"info","message":"File detected: factory-data.json","service":"shoe-factory-monitoring","timestamp":"2026-01-11T13:57:08.307Z"}
{"level":"info","message":"Processing file: factory-data.json","service":"shoe-factory-monitoring","timestamp":"2026-01-11T13:57:08.307Z"}
{"level":"info","message":"File detected: factory-data.json","service":"shoe-factory-monitoring","timestamp":"2026-01-11T13:57:08.373Z"}
{"level":"info","message":"Processing file: factory-data.json","service":"shoe-factory-monitoring","timestamp":"2026-01-11T13:57:08.375Z"}
{"code":"ETIMEDOUT","errorno":"ETIMEDOUT","fatal":true,"level":"error","message":"Error processing file factory-data.json: connect ETIMEDOUT","service":"shoe-factory-monitoring","stack":"Error: connect ETIMEDOUT\n    at PoolConnection._handleTimeoutError (E:\\Florence-IOT\\node_modules\\mysql2\\lib\\base\\connection.js:200:17)\n    at listOnTimeout (node:internal/timers:605:17)\n    at process.processTimers (node:internal/timers:541:7)","syscall":"connect","timestamp":"2026-01-11T13:57:18.318Z"}
{"level":"info","message":"File factory-data.json moved to failure directory","service":"shoe-factory-monitoring","timestamp":"2026-01-11T13:57:18.347Z"}
{"code":"ETIMEDOUT","errorno":"ETIMEDOUT","fatal":true,"level":"error","message":"Error processing file factory-data.json: connect ETIMEDOUT","service":"shoe-factory-monitoring","stack":"Error: connect ETIMEDOUT\n    at PoolConnection._handleTimeoutError (E:\\Florence-IOT\\node_modules\\mysql2\\lib\\base\\connection.js:200:17)\n    at listOnTimeout (node:internal/timers:605:17)\n    at process.processTimers (node:internal/timers:541:7)","syscall":"connect","timestamp":"2026-01-11T13:57:18.394Z"}
{"code":"ENOENT","dest":"E:\\Florence-IOT\\failure\\factory-data.json","errno":-4058,"level":"error","message":"Failed to move file factory-data.json to failure directory: ENOENT: no such file or directory, rename 'E:\\Florence-IOT\\incoming\\factory-data.json' -> 'E:\\Florence-IOT\\failure\\factory-data.json'","path":"E:\\Florence-IOT\\incoming\\factory-data.json","service":"shoe-factory-monitoring","stack":"Error: ENOENT: no such file or directory, rename 'E:\\Florence-IOT\\incoming\\factory-data.json' -> 'E:\\Florence-IOT\\failure\\factory-data.json'\n    at async Object.rename (node:internal/fs/promises:787:10)\n    at async FileProcessorService.moveFile (E:\\Florence-IOT\\src\\services\\fileProcessorService.js:81:5)\n    at async FileProcessorService.processFile (E:\\Florence-IOT\\src\\services\\fileProcessorService.js:48:9)\n    at async FSWatcher.<anonymous> (E:\\Florence-IOT\\src\\services\\fileWatcherService.js:29:9)","syscall":"rename","timestamp":"2026-01-11T13:57:18.407Z"}
{"level":"info","message":"File detected: sample-machine-events.json","service":"shoe-factory-monitoring","timestamp":"2026-01-11T13:57:19.768Z"}
{"level":"info","message":"Processing file: sample-machine-events.json","service":"shoe-factory-monitoring","timestamp":"2026-01-11T13:57:19.777Z"}
{"level":"info","message":"File detected: sample-machine-events.json","service":"shoe-factory-monitoring","timestamp":"2026-01-11T13:57:19.890Z"}
{"level":"info","message":"Processing file: sample-machine-events.json","service":"shoe-factory-monitoring","timestamp":"2026-01-11T13:57:19.891Z"}
{"code":"ETIMEDOUT","errorno":"ETIMEDOUT","fatal":true,"level":"error","message":"Error processing file sample-machine-events.json: connect ETIMEDOUT","service":"shoe-factory-monitoring","stack":"Error: connect ETIMEDOUT\n    at PoolConnection._handleTimeoutError (E:\\Florence-IOT\\node_modules\\mysql2\\lib\\base\\connection.js:200:17)\n    at listOnTimeout (node:internal/timers:605:17)\n    at process.processTimers (node:internal/timers:541:7)","syscall":"connect","timestamp":"2026-01-11T13:57:29.789Z"}
{"level":"info","message":"File sample-machine-events.json moved to failure directory","service":"shoe-factory-monitoring","timestamp":"2026-01-11T13:57:29.797Z"}
{"code":"ETIMEDOUT","errorno":"ETIMEDOUT","fatal":true,"level":"error","message":"Error processing file sample-machine-events.json: connect ETIMEDOUT","service":"shoe-factory-monitoring","stack":"Error: connect ETIMEDOUT\n    at PoolConnection._handleTimeoutError (E:\\Florence-IOT\\node_modules\\mysql2\\lib\\base\\connection.js:200:17)\n    at listOnTimeout (node:internal/timers:605:17)\n    at process.processTimers (node:internal/timers:541:7)","syscall":"connect","timestamp":"2026-01-11T13:57:29.902Z"}
{"code":"ENOENT","dest":"E:\\Florence-IOT\\failure\\sample-machine-events.json","errno":-4058,"level":"error","message":"Failed to move file sample-machine-events.json to failure directory: ENOENT: no such file or directory, rename 'E:\\Florence-IOT\\incoming\\sample-machine-events.json' -> 'E:\\Florence-IOT\\failure\\sample-machine-events.json'","path":"E:\\Florence-IOT\\incoming\\sample-machine-events.json","service":"shoe-factory-monitoring","stack":"Error: ENOENT: no such file or directory, rename 'E:\\Florence-IOT\\incoming\\sample-machine-events.json' -> 'E:\\Florence-IOT\\failure\\sample-machine-events.json'\n    at async Object.rename (node:internal/fs/promises:787:10)\n    at async FileProcessorService.moveFile (E:\\Florence-IOT\\src\\services\\fileProcessorService.js:81:5)\n    at async FileProcessorService.processFile (E:\\Florence-IOT\\src\\services\\fileProcessorService.js:48:9)\n    at async FSWatcher.<anonymous> (E:\\Florence-IOT\\src\\services\\fileWatcherService.js:29:9)","syscall":"rename","timestamp":"2026-01-11T13:57:29.918Z"}
{"level":"info","message":"Received SIGINT. Starting graceful shutdown...","service":"shoe-factory-monitoring","timestamp":"2026-01-11T13:58:01.238Z"}
{"level":"info","message":"Server started on port 3001","service":"shoe-factory-monitoring","timestamp":"2026-01-11T13:58:08.428Z"}
{"level":"info","message":"Starting file watcher on directory: E:/Florence-IOT/incoming","service":"shoe-factory-monitoring","timestamp":"2026-01-11T13:58:08.442Z"}
{"level":"info","message":"File watcher started successfully","service":"shoe-factory-monitoring","timestamp":"2026-01-11T13:58:08.511Z"}
{"level":"info","message":"Received SIGINT. Starting graceful shutdown...","service":"shoe-factory-monitoring","timestamp":"2026-01-11T13:59:57.320Z"}
{"level":"info","message":"Server started on port 3001","service":"shoe-factory-monitoring","timestamp":"2026-01-11T14:02:37.122Z"}
{"level":"info","message":"Starting file watcher on directory: E:/Florence-IOT/incoming","service":"shoe-factory-monitoring","timestamp":"2026-01-11T14:02:37.132Z"}
{"level":"info","message":"File watcher started successfully","service":"shoe-factory-monitoring","timestamp":"2026-01-11T14:02:37.151Z"}
{"level":"info","message":"File detected: new-test.json","service":"shoe-factory-monitoring","timestamp":"2026-01-11T14:02:54.846Z"}
{"level":"info","message":"Processing file: new-test.json","service":"shoe-factory-monitoring","timestamp":"2026-01-11T14:02:54.847Z"}
{"level":"info","message":"File detected: new-test.json","service":"shoe-factory-monitoring","timestamp":"2026-01-11T14:02:54.866Z"}
{"level":"info","message":"Processing file: new-test.json","service":"shoe-factory-monitoring","timestamp":"2026-01-11T14:02:54.871Z"}
{"level":"info","message":"Successfully inserted 3 events from new-test.json","service":"shoe-factory-monitoring","timestamp":"2026-01-11T14:02:58.241Z"}
{"level":"info","message":"File new-test.json moved to success directory","service":"shoe-factory-monitoring","timestamp":"2026-01-11T14:02:58.245Z"}
{"code":"ETIMEDOUT","errorno":"ETIMEDOUT","fatal":true,"level":"error","message":"Error processing file new-test.json: connect ETIMEDOUT","service":"shoe-factory-monitoring","stack":"Error: connect ETIMEDOUT\n    at PoolConnection._handleTimeoutError (E:\\Florence-IOT\\node_modules\\mysql2\\lib\\base\\connection.js:200:17)\n    at listOnTimeout (node:internal/timers:605:17)\n    at process.processTimers (node:internal/timers:541:7)","syscall":"connect","timestamp":"2026-01-11T14:03:04.864Z"}
{"code":"ENOENT","dest":"E:\\Florence-IOT\\failure\\new-test.json","errno":-4058,"level":"error","message":"Failed to move file new-test.json to failure directory: ENOENT: no such file or directory, rename 'E:\\Florence-IOT\\incoming\\new-test.json' -> 'E:\\Florence-IOT\\failure\\new-test.json'","path":"E:\\Florence-IOT\\incoming\\new-test.json","service":"shoe-factory-monitoring","stack":"Error: ENOENT: no such file or directory, rename 'E:\\Florence-IOT\\incoming\\new-test.json' -> 'E:\\Florence-IOT\\failure\\new-test.json'\n    at async Object.rename (node:internal/fs/promises:787:10)\n    at async FileProcessorService.moveFile (E:\\Florence-IOT\\src\\services\\fileProcessorService.js:81:5)\n    at async FileProcessorService.processFile (E:\\Florence-IOT\\src\\services\\fileProcessorService.js:48:9)\n    at async FSWatcher.<anonymous> (E:\\Florence-IOT\\src\\services\\fileWatcherService.js:29:9)","syscall":"rename","timestamp":"2026-01-11T14:03:04.868Z"}
{"level":"info","message":"File detected: timestamp-test.json","service":"shoe-factory-monitoring","timestamp":"2026-01-11T17:01:46.025Z"}
{"level":"info","message":"Processing file: timestamp-test.json","service":"shoe-factory-monitoring","timestamp":"2026-01-11T17:01:46.200Z"}
{"level":"info","message":"File detected: timestamp-test.json","service":"shoe-factory-monitoring","timestamp":"2026-01-11T17:01:47.032Z"}
{"level":"info","message":"Processing file: timestamp-test.json","service":"shoe-factory-monitoring","timestamp":"2026-01-11T17:01:47.059Z"}
{"level":"info","message":"Successfully inserted 2 events from timestamp-test.json","service":"shoe-factory-monitoring","timestamp":"2026-01-11T17:01:49.446Z"}
{"level":"info","message":"File timestamp-test.json moved to success directory","service":"shoe-factory-monitoring","timestamp":"2026-01-11T17:01:49.454Z"}
{"code":"ETIMEDOUT","errorno":"ETIMEDOUT","fatal":true,"level":"error","message":"Error processing file timestamp-test.json: connect ETIMEDOUT","service":"shoe-factory-monitoring","stack":"Error: connect ETIMEDOUT\n    at PoolConnection._handleTimeoutError (E:\\Florence-IOT\\node_modules\\mysql2\\lib\\base\\connection.js:200:17)\n    at listOnTimeout (node:internal/timers:605:17)\n    at process.processTimers (node:internal/timers:541:7)","syscall":"connect","timestamp":"2026-01-11T17:01:56.514Z"}
{"code":"ENOENT","dest":"E:\\Florence-IOT\\failure\\timestamp-test.json","errno":-4058,"level":"error","message":"Failed to move file timestamp-test.json to failure directory: ENOENT: no such file or directory, rename 'E:\\Florence-IOT\\incoming\\timestamp-test.json' -> 'E:\\Florence-IOT\\failure\\timestamp-test.json'","path":"E:\\Florence-IOT\\incoming\\timestamp-test.json","service":"shoe-factory-monitoring","stack":"Error: ENOENT: no such file or directory, rename 'E:\\Florence-IOT\\incoming\\timestamp-test.json' -> 'E:\\Florence-IOT\\failure\\timestamp-test.json'\n    at async Object.rename (node:internal/fs/promises:787:10)\n    at async FileProcessorService.moveFile (E:\\Florence-IOT\\src\\services\\fileProcessorService.js:81:5)\n    at async FileProcessorService.processFile (E:\\Florence-IOT\\src\\services\\fileProcessorService.js:48:9)\n    at async FSWatcher.<anonymous> (E:\\Florence-IOT\\src\\services\\fileWatcherService.js:29:9)","syscall":"rename","timestamp":"2026-01-11T17:01:56.552Z"}
{"level":"info","message":"Received SIGINT. Starting graceful shutdown...","service":"shoe-factory-monitoring","timestamp":"2026-01-11T17:07:05.522Z"}
{"level":"info","message":"Server started on port 3001","service":"shoe-factory-monitoring","timestamp":"2026-01-11T17:07:15.642Z"}
{"level":"info","message":"Starting file watcher on directory: E:/Florence-IOT/incoming","service":"shoe-factory-monitoring","timestamp":"2026-01-11T17:07:15.722Z"}
{"level":"info","message":"File watcher started successfully","service":"shoe-factory-monitoring","timestamp":"2026-01-11T17:07:15.805Z"}
{"level":"info","message":"File detected: local-timezone-test.json","service":"shoe-factory-monitoring","timestamp":"2026-01-11T17:12:50.123Z"}
{"level":"info","message":"File detected: local-timezone-test.json","service":"shoe-factory-monitoring","timestamp":"2026-01-11T17:12:50.127Z"}
{"level":"info","message":"Processing file: local-timezone-test.json","service":"shoe-factory-monitoring","timestamp":"2026-01-11T17:12:50.138Z"}
{"level":"info","message":"Processing file: local-timezone-test.json","service":"shoe-factory-monitoring","timestamp":"2026-01-11T17:12:50.126Z"}
{"level":"info","message":"Successfully inserted 4 events from local-timezone-test.json","service":"shoe-factory-monitoring","timestamp":"2026-01-11T17:12:53.698Z"}
{"level":"info","message":"File local-timezone-test.json moved to success directory","service":"shoe-factory-monitoring","timestamp":"2026-01-11T17:12:54.000Z"}
{"code":"ETIMEDOUT","errorno":"ETIMEDOUT","fatal":true,"level":"error","message":"Error processing file local-timezone-test.json: connect ETIMEDOUT","service":"shoe-factory-monitoring","stack":"Error: connect ETIMEDOUT\n    at PoolConnection._handleTimeoutError (E:\\Florence-IOT\\node_modules\\mysql2\\lib\\base\\connection.js:200:17)\n    at listOnTimeout (node:internal/timers:605:17)\n    at process.processTimers (node:internal/timers:541:7)","syscall":"connect","timestamp":"2026-01-11T17:13:00.237Z"}
{"code":"ENOENT","dest":"E:\\Florence-IOT\\failure\\local-timezone-test.json","errno":-4058,"level":"error","message":"Failed to move file local-timezone-test.json to failure directory: ENOENT: no such file or directory, rename 'E:\\Florence-IOT\\incoming\\local-timezone-test.json' -> 'E:\\Florence-IOT\\failure\\local-timezone-test.json'","path":"E:\\Florence-IOT\\incoming\\local-timezone-test.json","service":"shoe-factory-monitoring","stack":"Error: ENOENT: no such file or directory, rename 'E:\\Florence-IOT\\incoming\\local-timezone-test.json' -> 'E:\\Florence-IOT\\failure\\local-timezone-test.json'\n    at async Object.rename (node:internal/fs/promises:787:10)\n    at async FileProcessorService.moveFile (E:\\Florence-IOT\\src\\services\\fileProcessorService.js:81:5)\n    at async FileProcessorService.processFile (E:\\Florence-IOT\\src\\services\\fileProcessorService.js:48:9)\n    at async FSWatcher.<anonymous> (E:\\Florence-IOT\\src\\services\\fileWatcherService.js:29:9)","syscall":"rename","timestamp":"2026-01-11T17:13:00.292Z"}
{"level":"info","message":"File detected: final-timezone-test.json","service":"shoe-factory-monitoring","timestamp":"2026-01-11T17:14:27.611Z"}
{"level":"info","message":"File detected: final-timezone-test.json","service":"shoe-factory-monitoring","timestamp":"2026-01-11T17:14:27.613Z"}
{"level":"info","message":"Processing file: final-timezone-test.json","service":"shoe-factory-monitoring","timestamp":"2026-01-11T17:14:27.615Z"}
{"level":"info","message":"Processing file: final-timezone-test.json","service":"shoe-factory-monitoring","timestamp":"2026-01-11T17:14:27.680Z"}
{"level":"info","message":"Successfully inserted 2 events from final-timezone-test.json","service":"shoe-factory-monitoring","timestamp":"2026-01-11T17:14:28.685Z"}
{"level":"info","message":"File final-timezone-test.json moved to success directory","service":"shoe-factory-monitoring","timestamp":"2026-01-11T17:14:28.882Z"}
{"code":"ETIMEDOUT","errorno":"ETIMEDOUT","fatal":true,"level":"error","message":"Error processing file final-timezone-test.json: connect ETIMEDOUT","service":"shoe-factory-monitoring","stack":"Error: connect ETIMEDOUT\n    at PoolConnection._handleTimeoutError (E:\\Florence-IOT\\node_modules\\mysql2\\lib\\base\\connection.js:200:17)\n    at listOnTimeout (node:internal/timers:605:17)\n    at process.processTimers (node:internal/timers:541:7)","syscall":"connect","timestamp":"2026-01-11T17:14:37.651Z"}
{"code":"ENOENT","dest":"E:\\Florence-IOT\\failure\\final-timezone-test.json","errno":-4058,"level":"error","message":"Failed to move file final-timezone-test.json to failure directory: ENOENT: no such file or directory, rename 'E:\\Florence-IOT\\incoming\\final-timezone-test.json' -> 'E:\\Florence-IOT\\failure\\final-timezone-test.json'","path":"E:\\Florence-IOT\\incoming\\final-timezone-test.json","service":"shoe-factory-monitoring","stack":"Error: ENOENT: no such file or directory, rename 'E:\\Florence-IOT\\incoming\\final-timezone-test.json' -> 'E:\\Florence-IOT\\failure\\final-timezone-test.json'\n    at async Object.rename (node:internal/fs/promises:787:10)\n    at async FileProcessorService.moveFile (E:\\Florence-IOT\\src\\services\\fileProcessorService.js:81:5)\n    at async FileProcessorService.processFile (E:\\Florence-IOT\\src\\services\\fileProcessorService.js:48:9)\n    at async FSWatcher.<anonymous> (E:\\Florence-IOT\\src\\services\\fileWatcherService.js:29:9)","syscall":"rename","timestamp":"2026-01-11T17:14:37.657Z"}
{"level":"info","message":"Received SIGINT. Starting graceful shutdown...","service":"shoe-factory-monitoring","timestamp":"2026-01-11T17:14:45.696Z"}
{"level":"info","message":"Server started on port 3001","service":"shoe-factory-monitoring","timestamp":"2026-01-11T17:14:52.698Z"}
{"level":"info","message":"Starting file watcher on directory: E:/Florence-IOT/incoming","service":"shoe-factory-monitoring","timestamp":"2026-01-11T17:14:52.714Z"}
{"level":"info","message":"File watcher started successfully","service":"shoe-factory-monitoring","timestamp":"2026-01-11T17:14:52.759Z"}
{"level":"info","message":"File detected: final-timezone-check.json","service":"shoe-factory-monitoring","timestamp":"2026-01-11T17:15:14.979Z"}
{"level":"info","message":"Processing file: final-timezone-check.json","service":"shoe-factory-monitoring","timestamp":"2026-01-11T17:15:14.980Z"}
{"level":"info","message":"File detected: final-timezone-check.json","service":"shoe-factory-monitoring","timestamp":"2026-01-11T17:15:15.077Z"}
{"level":"info","message":"Processing file: final-timezone-check.json","service":"shoe-factory-monitoring","timestamp":"2026-01-11T17:15:15.082Z"}
{"level":"info","message":"Successfully inserted 3 events from final-timezone-check.json","service":"shoe-factory-monitoring","timestamp":"2026-01-11T17:15:17.915Z"}
{"level":"info","message":"File final-timezone-check.json moved to success directory","service":"shoe-factory-monitoring","timestamp":"2026-01-11T17:15:17.962Z"}
{"code":"ETIMEDOUT","errorno":"ETIMEDOUT","fatal":true,"level":"error","message":"Error processing file final-timezone-check.json: connect ETIMEDOUT","service":"shoe-factory-monitoring","stack":"Error: connect ETIMEDOUT\n    at PoolConnection._handleTimeoutError (E:\\Florence-IOT\\node_modules\\mysql2\\lib\\base\\connection.js:200:17)\n    at listOnTimeout (node:internal/timers:605:17)\n    at process.processTimers (node:internal/timers:541:7)","syscall":"connect","timestamp":"2026-01-11T17:15:25.005Z"}
{"code":"ENOENT","dest":"E:\\Florence-IOT\\failure\\final-timezone-check.json","errno":-4058,"level":"error","message":"Failed to move file final-timezone-check.json to failure directory: ENOENT: no such file or directory, rename 'E:\\Florence-IOT\\incoming\\final-timezone-check.json' -> 'E:\\Florence-IOT\\failure\\final-timezone-check.json'","path":"E:\\Florence-IOT\\incoming\\final-timezone-check.json","service":"shoe-factory-monitoring","stack":"Error: ENOENT: no such file or directory, rename 'E:\\Florence-IOT\\incoming\\final-timezone-check.json' -> 'E:\\Florence-IOT\\failure\\final-timezone-check.json'\n    at async Object.rename (node:internal/fs/promises:787:10)\n    at async FileProcessorService.moveFile (E:\\Florence-IOT\\src\\services\\fileProcessorService.js:81:5)\n    at async FileProcessorService.processFile (E:\\Florence-IOT\\src\\services\\fileProcessorService.js:48:9)\n    at async FSWatcher.<anonymous> (E:\\Florence-IOT\\src\\services\\fileWatcherService.js:29:9)","syscall":"rename","timestamp":"2026-01-11T17:15:25.008Z"}
{"level":"info","message":"File detected: created-at-test.json","service":"shoe-factory-monitoring","timestamp":"2026-01-11T17:17:31.293Z"}
{"level":"info","message":"File detected: created-at-test.json","service":"shoe-factory-monitoring","timestamp":"2026-01-11T17:17:31.314Z"}
{"level":"info","message":"Processing file: created-at-test.json","service":"shoe-factory-monitoring","timestamp":"2026-01-11T17:17:31.319Z"}
{"level":"info","message":"Processing file: created-at-test.json","service":"shoe-factory-monitoring","timestamp":"2026-01-11T17:17:32.837Z"}
{"level":"info","message":"Successfully inserted 2 events from created-at-test.json","service":"shoe-factory-monitoring","timestamp":"2026-01-11T17:17:35.735Z"}
{"level":"info","message":"File created-at-test.json moved to success directory","service":"shoe-factory-monitoring","timestamp":"2026-01-11T17:17:35.798Z"}
{"code":"ETIMEDOUT","errorno":"ETIMEDOUT","fatal":true,"level":"error","message":"Error processing file created-at-test.json: connect ETIMEDOUT","service":"shoe-factory-monitoring","stack":"Error: connect ETIMEDOUT\n    at PoolConnection._handleTimeoutError (E:\\Florence-IOT\\node_modules\\mysql2\\lib\\base\\connection.js:200:17)\n    at listOnTimeout (node:internal/timers:605:17)\n    at process.processTimers (node:internal/timers:541:7)","syscall":"connect","timestamp":"2026-01-11T17:17:41.338Z"}
{"code":"ENOENT","dest":"E:\\Florence-IOT\\failure\\created-at-test.json","errno":-4058,"level":"error","message":"Failed to move file created-at-test.json to failure directory: ENOENT: no such file or directory, rename 'E:\\Florence-IOT\\incoming\\created-at-test.json' -> 'E:\\Florence-IOT\\failure\\created-at-test.json'","path":"E:\\Florence-IOT\\incoming\\created-at-test.json","service":"shoe-factory-monitoring","stack":"Error: ENOENT: no such file or directory, rename 'E:\\Florence-IOT\\incoming\\created-at-test.json' -> 'E:\\Florence-IOT\\failure\\created-at-test.json'\n    at async Object.rename (node:internal/fs/promises:787:10)\n    at async FileProcessorService.moveFile (E:\\Florence-IOT\\src\\services\\fileProcessorService.js:81:5)\n    at async FileProcessorService.processFile (E:\\Florence-IOT\\src\\services\\fileProcessorService.js:48:9)\n    at async FSWatcher.<anonymous> (E:\\Florence-IOT\\src\\services\\fileWatcherService.js:29:9)","syscall":"rename","timestamp":"2026-01-11T17:17:41.341Z"}
{"level":"info","message":"Received SIGINT. Starting graceful shutdown...","service":"shoe-factory-monitoring","timestamp":"2026-01-11T17:17:46.670Z"}
{"level":"info","message":"Server started on port 3001","service":"shoe-factory-monitoring","timestamp":"2026-01-11T17:17:53.683Z"}
{"level":"info","message":"Starting file watcher on directory: E:/Florence-IOT/incoming","service":"shoe-factory-monitoring","timestamp":"2026-01-11T17:17:53.699Z"}
{"level":"info","message":"File watcher started successfully","service":"shoe-factory-monitoring","timestamp":"2026-01-11T17:17:53.824Z"}
{"level":"info","message":"File detected: both-columns-test.json","service":"shoe-factory-monitoring","timestamp":"2026-01-11T17:18:06.877Z"}
{"level":"info","message":"Processing file: both-columns-test.json","service":"shoe-factory-monitoring","timestamp":"2026-01-11T17:18:06.879Z"}
{"level":"info","message":"File detected: both-columns-test.json","service":"shoe-factory-monitoring","timestamp":"2026-01-11T17:18:06.983Z"}
{"level":"info","message":"Processing file: both-columns-test.json","service":"shoe-factory-monitoring","timestamp":"2026-01-11T17:18:06.984Z"}
{"level":"info","message":"Successfully inserted 3 events from both-columns-test.json","service":"shoe-factory-monitoring","timestamp":"2026-01-11T17:18:09.505Z"}
{"level":"info","message":"File both-columns-test.json moved to success directory","service":"shoe-factory-monitoring","timestamp":"2026-01-11T17:18:09.622Z"}
{"code":"ETIMEDOUT","errorno":"ETIMEDOUT","fatal":true,"level":"error","message":"Error processing file both-columns-test.json: connect ETIMEDOUT","service":"shoe-factory-monitoring","stack":"Error: connect ETIMEDOUT\n    at PoolConnection._handleTimeoutError (E:\\Florence-IOT\\node_modules\\mysql2\\lib\\base\\connection.js:200:17)\n    at listOnTimeout (node:internal/timers:605:17)\n    at process.processTimers (node:internal/timers:541:7)","syscall":"connect","timestamp":"2026-01-11T17:18:17.006Z"}
{"code":"ENOENT","dest":"E:\\Florence-IOT\\failure\\both-columns-test.json","errno":-4058,"level":"error","message":"Failed to move file both-columns-test.json to failure directory: ENOENT: no such file or directory, rename 'E:\\Florence-IOT\\incoming\\both-columns-test.json' -> 'E:\\Florence-IOT\\failure\\both-columns-test.json'","path":"E:\\Florence-IOT\\incoming\\both-columns-test.json","service":"shoe-factory-monitoring","stack":"Error: ENOENT: no such file or directory, rename 'E:\\Florence-IOT\\incoming\\both-columns-test.json' -> 'E:\\Florence-IOT\\failure\\both-columns-test.json'\n    at async Object.rename (node:internal/fs/promises:787:10)\n    at async FileProcessorService.moveFile (E:\\Florence-IOT\\src\\services\\fileProcessorService.js:81:5)\n    at async FileProcessorService.processFile (E:\\Florence-IOT\\src\\services\\fileProcessorService.js:48:9)\n    at async FSWatcher.<anonymous> (E:\\Florence-IOT\\src\\services\\fileWatcherService.js:29:9)","syscall":"rename","timestamp":"2026-01-11T17:18:17.017Z"}
{"level":"info","message":"File detected: manual-test.json","service":"shoe-factory-monitoring","timestamp":"2026-01-11T17:35:28.068Z"}
{"level":"info","message":"File detected: manual-test.json","service":"shoe-factory-monitoring","timestamp":"2026-01-11T17:35:28.045Z"}
{"level":"info","message":"Processing file: manual-test.json","service":"shoe-factory-monitoring","timestamp":"2026-01-11T17:35:28.077Z"}
{"level":"info","message":"Processing file: manual-test.json","service":"shoe-factory-monitoring","timestamp":"2026-01-11T17:35:28.104Z"}
{"level":"info","message":"Successfully inserted 3 events from manual-test.json","service":"shoe-factory-monitoring","timestamp":"2026-01-11T17:35:29.381Z"}
{"level":"info","message":"File manual-test.json moved to success directory","service":"shoe-factory-monitoring","timestamp":"2026-01-11T17:35:29.386Z"}
{"code":"ETIMEDOUT","errorno":"ETIMEDOUT","fatal":true,"level":"error","message":"Error processing file manual-test.json: connect ETIMEDOUT","service":"shoe-factory-monitoring","stack":"Error: connect ETIMEDOUT\n    at PoolConnection._handleTimeoutError (E:\\Florence-IOT\\node_modules\\mysql2\\lib\\base\\connection.js:200:17)\n    at listOnTimeout (node:internal/timers:605:17)\n    at process.processTimers (node:internal/timers:541:7)","syscall":"connect","timestamp":"2026-01-11T17:35:38.166Z"}
{"code":"ENOENT","dest":"E:\\Florence-IOT\\failure\\manual-test.json","errno":-4058,"level":"error","message":"Failed to move file manual-test.json to failure directory: ENOENT: no such file or directory, rename 'E:\\Florence-IOT\\incoming\\manual-test.json' -> 'E:\\Florence-IOT\\failure\\manual-test.json'","path":"E:\\Florence-IOT\\incoming\\manual-test.json","service":"shoe-factory-monitoring","stack":"Error: ENOENT: no such file or directory, rename 'E:\\Florence-IOT\\incoming\\manual-test.json' -> 'E:\\Florence-IOT\\failure\\manual-test.json'\n    at async Object.rename (node:internal/fs/promises:787:10)\n    at async FileProcessorService.moveFile (E:\\Florence-IOT\\src\\services\\fileProcessorService.js:81:5)\n    at async FileProcessorService.processFile (E:\\Florence-IOT\\src\\services\\fileProcessorService.js:48:9)\n    at async FSWatcher.<anonymous> (E:\\Florence-IOT\\src\\services\\fileWatcherService.js:29:9)","syscall":"rename","timestamp":"2026-01-11T17:35:38.173Z"}
{"level":"info","message":"Server started on port 3001","service":"shoe-factory-monitoring","timestamp":"2026-01-12T09:39:23.574Z"}
{"level":"info","message":"Starting file watcher on directory: E:/Florence-IOT/incoming","service":"shoe-factory-monitoring","timestamp":"2026-01-12T09:39:24.292Z"}
{"level":"info","message":"File watcher started successfully","service":"shoe-factory-monitoring","timestamp":"2026-01-12T09:39:24.633Z"}
{"level":"info","message":"Received SIGINT. Starting graceful shutdown...","service":"shoe-factory-monitoring","timestamp":"2026-01-12T09:55:15.371Z"}
{"level":"info","message":"Server started on port 3001","service":"shoe-factory-monitoring","timestamp":"2026-01-12T09:55:36.664Z"}
{"level":"info","message":"Starting file watcher on directory: E:/Florence-IOT/incoming","service":"shoe-factory-monitoring","timestamp":"2026-01-12T09:55:36.723Z"}
{"level":"info","message":"File watcher started successfully","service":"shoe-factory-monitoring","timestamp":"2026-01-12T09:55:36.747Z"}
{"level":"info","message":"File detected: todays-data.json","service":"shoe-factory-monitoring","timestamp":"2026-01-12T10:00:44.627Z"}
{"level":"info","message":"Processing file: todays-data.json","service":"shoe-factory-monitoring","timestamp":"2026-01-12T10:00:44.755Z"}
{"level":"info","message":"Successfully inserted 10 events from todays-data.json","service":"shoe-factory-monitoring","timestamp":"2026-01-12T10:00:47.984Z"}
{"level":"info","message":"File todays-data.json moved to success directory","service":"shoe-factory-monitoring","timestamp":"2026-01-12T10:00:48.003Z"}
{"level":"info","message":"Server started on port 3001","service":"shoe-factory-monitoring","timestamp":"2026-01-26T14:28:27.788Z"}
{"level":"info","message":"Starting file watcher on directory: E:/Florence-IOT/incoming","service":"shoe-factory-monitoring","timestamp":"2026-01-26T14:28:27.801Z"}
{"level":"info","message":"File watcher started successfully","service":"shoe-factory-monitoring","timestamp":"2026-01-26T14:28:27.840Z"}
{"level":"info","message":"Server started on port 3001","service":"shoe-factory-monitoring","timestamp":"2026-01-26T14:35:21.751Z"}
{"level":"info","message":"Starting file watcher on directory: E:/Florence-IOT/incoming","service":"shoe-factory-monitoring","timestamp":"2026-01-26T14:35:21.768Z"}
{"level":"info","message":"File watcher started successfully","service":"shoe-factory-monitoring","timestamp":"2026-01-26T14:35:21.794Z"}
